// Jest Snapshot v1, https://goo.gl/fbAQLP

exports[`<Product /> Renders and matches the snapshot 1`] = `
<div>
  <div
    class="Item-vaxesk-0 eUxAxb"
  >
    <img
      alt="dogs are best"
      src="dog.jpg"
    />
    <h3
      class="Title-wmit65-0 fOoFso"
    >
      <a
        href="/product/abc123"
      >
        dogs are best
      </a>
    </h3>
    <span
      class="PriceTag-mvujvr-0 roakN"
    >
      $50
    </span>
    <p>
      dogs
    </p>
    <div
      class="buttonList"
    >
      <a
        href="/update?id=abc123"
      >
        Edit ✏️
      </a>
      <button
        type="button"
      >
        Add
         To Cart 🛒
      </button>
      <button
        type="button"
      >
        Delete
      </button>
    </div>
  </div>
</div>
`;
